
     Program PWSCF v.7.4.1 starts on  7Oct2025 at 22:21: 0 

     This program is part of the open-source Quantum ESPRESSO suite
     for quantum simulation of materials; please cite
         "P. Giannozzi et al., J. Phys.:Condens. Matter 21 395502 (2009);
         "P. Giannozzi et al., J. Phys.:Condens. Matter 29 465901 (2017);
         "P. Giannozzi et al., J. Chem. Phys. 152 154105 (2020);
          URL http://www.quantum-espresso.org", 
     in publications or presentations arising from this work. More details at
     http://www.quantum-espresso.org/quote

     Parallel version (MPI), running on     1 processors

     MPI processes distributed on     1 nodes
     437 MiB available memory on the printing compute node when the environment starts

     Waiting for input...
     Reading input from standard input
Warning: card &CELL ignored
Warning: card / ignored

     Current dimensions of program PWSCF are:
     Max number of different atomic species (ntypx) = 10
     Max number of k-points (npk) =  40000
     Max angular momentum in pseudopotentials (lmaxx) =  4
     Message from routine setup:
     using ibrav=0 with symmetry is DISCOURAGED, use correct ibrav instead

     Subspace diagonalization in iterative solution of the eigenvalue problem:
     a serial algorithm will be used


     G-vector sticks info
     --------------------
     sticks:   dense  smooth     PW     G-vecs:    dense   smooth      PW
     Sum        1237    1237    349                28571    28571    4279

     Using Slab Decomposition



     bravais-lattice index     =            0
     lattice parameter (alat)  =       6.6812  a.u.
     unit-cell volume          =     210.8855 (a.u.)^3
     number of atoms/cell      =            2
     number of atomic types    =            1
     number of electrons       =        28.00
     number of Kohn-Sham states=           14
     kinetic-energy cutoff     =     100.0000  Ry
     charge density cutoff     =     400.0000  Ry
     scf convergence threshold =      1.0E-07
     mixing beta               =       0.5000
     number of iterations used =            8  plain     mixing
     Exchange-correlation=  SLA  PZ   NOGX NOGC
                           (   1   1   0   0   0   0   0)

     celldm(1)=   6.681191  celldm(2)=   0.000000  celldm(3)=   0.000000
     celldm(4)=   0.000000  celldm(5)=   0.000000  celldm(6)=   0.000000

     crystal axes: (cart. coord. in units of alat)
               a(1) = (   0.000000   0.707107   0.707107 )  
               a(2) = (   0.707107   0.000000   0.707107 )  
               a(3) = (   0.707107   0.707107   0.000000 )  

     reciprocal axes: (cart. coord. in units 2 pi/alat)
               b(1) = ( -0.707107  0.707107  0.707107 )  
               b(2) = (  0.707107 -0.707107  0.707107 )  
               b(3) = (  0.707107  0.707107 -0.707107 )  


     PseudoPot. # 1 for Ge read from file:
     /home/bond/Software/QE/qe-7.4.1/pseudo/ge_lda_v1.4.uspp.F.UPF
     MD5 check sum: bf9d52b59cc8a669818bb2b52e0c2ba0
     Pseudo is Ultrasoft + core correction, Zval = 14.0
     Generated by new atomic code, or converted to UPF format
     Using radial grid of  873 points,  6 beta functions with: 
                l(1) =   0
                l(2) =   0
                l(3) =   1
                l(4) =   1
                l(5) =   2
                l(6) =   2
     Q(r) pseudized with  8 coefficients,  rinner =    1.400   1.400   1.400
                                                       1.400   1.400

     atomic species   valence    mass     pseudopotential
     Ge               14.00    72.63000     Ge( 1.00)

     48 Sym. Ops., with inversion, found (24 have fractional translation)



   Cartesian axes

     site n.     atom                  positions (alat units)
         1        Ge     tau(   1) = (   0.0000000   0.0000000   0.0000000  )
         2        Ge     tau(   2) = (   0.3535534   0.3535534   0.3535534  )

     number of k points=     4
                       cart. coord. in units 2pi/alat
        k(    1) = (   0.0000000   0.0000000   0.0000000), wk =   0.0740741
        k(    2) = (   0.2357023   0.2357023  -0.2357023), wk =   0.5925926
        k(    3) = (   0.4714045   0.0000000   0.0000000), wk =   0.4444444
        k(    4) = (  -0.0000000  -0.4714045   0.4714045), wk =   0.8888889

     Dense  grid:    28571 G-vectors     FFT dimensions: (  48,  48,  48)

     Estimated max dynamical RAM per process >     114.47 MB

     Initial potential from superposition of free atoms

     starting charge      27.9986, renormalised to      28.0000
     Starting wfcs are   18 randomized atomic wfcs

     total cpu time spent up to now is        1.6 secs

     Self-consistent Calculation

     iteration #  1     ecut=   100.00 Ry     beta= 0.50
     Davidson diagonalization with overlap
     ethr =  1.00E-02,  avg # of iterations =  2.0

     Threshold (ethr) on eigenvalues was too large:
     Diagonalizing with lowered threshold

     Davidson diagonalization with overlap
     ethr =  2.60E-04,  avg # of iterations =  1.5

     total cpu time spent up to now is        2.8 secs

     total energy              =    -425.97836044 Ry
     estimated scf accuracy    <       0.07489401 Ry

     iteration #  2     ecut=   100.00 Ry     beta= 0.50
     Davidson diagonalization with overlap
     ethr =  2.67E-04,  avg # of iterations =  2.0

     total cpu time spent up to now is        3.5 secs

     total energy              =    -425.97555148 Ry
     estimated scf accuracy    <       0.01214351 Ry

     iteration #  3     ecut=   100.00 Ry     beta= 0.50
     Davidson diagonalization with overlap
     ethr =  4.34E-05,  avg # of iterations =  2.0

     total cpu time spent up to now is        4.1 secs

     total energy              =    -425.97659228 Ry
     estimated scf accuracy    <       0.00011467 Ry

     iteration #  4     ecut=   100.00 Ry     beta= 0.50
     Davidson diagonalization with overlap
     ethr =  4.10E-07,  avg # of iterations =  3.0

     total cpu time spent up to now is        4.9 secs

     total energy              =    -425.97661824 Ry
     estimated scf accuracy    <       0.00000240 Ry

     iteration #  5     ecut=   100.00 Ry     beta= 0.50
     Davidson diagonalization with overlap
     ethr =  8.58E-09,  avg # of iterations =  3.5

     total cpu time spent up to now is        5.7 secs

     total energy              =    -425.97661916 Ry
     estimated scf accuracy    <       0.00000025 Ry

     iteration #  6     ecut=   100.00 Ry     beta= 0.50
     Davidson diagonalization with overlap
     ethr =  8.77E-10,  avg # of iterations =  2.2

     total cpu time spent up to now is        6.5 secs

     End of self-consistent calculation

          k = 0.0000 0.0000 0.0000 (  3527 PWs)   bands (ev):

   -11.6811 -11.6811 -11.6811 -11.6106 -11.6106 -11.0897 -11.0897 -11.0897
   -11.0048 -11.0048  -2.1033  14.2303  14.2303  14.2303

          k = 0.2357 0.2357-0.2357 (  3561 PWs)   bands (ev):

   -11.7341 -11.7341 -11.6542 -11.5166 -11.5166 -11.1367 -11.1367 -11.1316
   -10.9695 -10.9695  -0.2590   6.4739  12.4314  12.4314

          k = 0.4714 0.0000 0.0000 (  3567 PWs)   bands (ev):

   -11.7366 -11.7366 -11.6994 -11.4522 -11.4105 -11.3354 -11.1495 -11.0233
   -10.9698 -10.9698   0.4134   7.2706  10.1883  10.1883

          k =-0.0000-0.4714 0.4714 (  3548 PWs)   bands (ev):

   -11.8082 -11.7631 -11.5702 -11.3813 -11.3558 -11.3400 -11.2733 -11.1624
   -10.9253 -10.8894   2.3254   4.7935   7.2775  10.6581

     highest occupied level (ev):    14.2303

!    total energy              =    -425.97661919 Ry
     estimated scf accuracy    <       0.00000007 Ry

     The total energy is the sum of the following terms:
     one-electron contribution =    -236.78354050 Ry
     hartree contribution      =     149.38764256 Ry
     xc contribution           =    -115.09597330 Ry
     ewald contribution        =    -223.48474795 Ry

     convergence has been achieved in   6 iterations

     Forces acting on atoms (cartesian axes, Ry/au):

     atom    1 type  1   force =     0.00000000   -0.00000000    0.00000000
     atom    2 type  1   force =     0.00000000    0.00000000   -0.00000000

     Total force =     0.000000     Total SCF correction =     0.000000


     Computing stress (Cartesian axis) and pressure

          total   stress  (Ry/bohr**3)                   (kbar)     P=      606.88
   0.00412547   0.00000000   0.00000000          606.88        0.00        0.00
   0.00000000   0.00412547   0.00000000            0.00      606.88        0.00
   0.00000000   0.00000000   0.00412547            0.00        0.00      606.88

     Message from routine punch:
     Nothing written, as per user request (disk_io='none')

     init_run     :      1.33s CPU      1.38s WALL (       1 calls)
     electrons    :      4.55s CPU      4.91s WALL (       1 calls)
     forces       :      0.17s CPU      0.19s WALL (       1 calls)
     stress       :      1.29s CPU      1.37s WALL (       1 calls)

     Called by init_run:
     wfcinit      :      0.45s CPU      0.45s WALL (       1 calls)
     potinit      :      0.04s CPU      0.04s WALL (       1 calls)
     hinit0       :      0.71s CPU      0.72s WALL (       1 calls)

     Called by electrons:
     c_bands      :      2.76s CPU      2.77s WALL (       7 calls)
     sum_band     :      1.21s CPU      1.38s WALL (       7 calls)
     v_of_rho     :      0.06s CPU      0.06s WALL (       7 calls)
     newd         :      0.60s CPU      0.79s WALL (       7 calls)
     mix_rho      :      0.03s CPU      0.03s WALL (       7 calls)

     Called by c_bands:
     init_us_2    :      0.10s CPU      0.10s WALL (      68 calls)
     cegterg      :      2.56s CPU      2.56s WALL (      28 calls)

     Called by *egterg:
     cdiaghg      :      0.02s CPU      0.02s WALL (      89 calls)
     h_psi        :      2.71s CPU      2.72s WALL (      97 calls)
     s_psi        :      0.05s CPU      0.05s WALL (      97 calls)
     g_psi        :      0.01s CPU      0.01s WALL (      65 calls)

     Called by h_psi:
     h_psi:calbec :      0.06s CPU      0.06s WALL (      97 calls)
     vloc_psi     :      2.58s CPU      2.59s WALL (      97 calls)
     add_vuspsi   :      0.05s CPU      0.05s WALL (      97 calls)

     General routines
     calbec       :      0.12s CPU      0.12s WALL (     193 calls)
     fft          :      0.37s CPU      0.37s WALL (      37 calls)
     ffts         :      0.01s CPU      0.01s WALL (       7 calls)
     fftw         :      2.56s CPU      2.57s WALL (    2514 calls)

     Parallel routines

     PWSCF        :      7.55s CPU      8.08s WALL


   This run was terminated on:  22:21: 8   7Oct2025            

=------------------------------------------------------------------------------=
   JOB DONE.
=------------------------------------------------------------------------------=
